PROBE: {
  "viewportW": 390,
  "headerH": 64,
  "headerW": 390,
  "bodyScrollW": 390,
  "bodyClientW": 390,
  "overflowing": false,
  "logoW": 52,
  "logoH": 52,
  "shimFont": "18px",
  "taglineFont": "6px",
  "taglineDisplay": "block",
  "rightW": 177,
  "rightChildren": 4,
  "buttons": [
    {
      "text": "shimDigital Credential P",
      "w": 101,
      "h": 63,
      "vis": true
    },
    {
      "text": "Verify",
      "w": 60,
      "h": 40,
      "vis": true
    },
    {
      "text": "Sign In",
      "w": 0,
      "h": 0,
      "vis": false
    },
    {
      "text": "Get Started",
      "w": 111,
      "h": 40,
      "vis": true
    }
  ]
}
navbar screenshot -> scratch/mob-landing/navbar.png
full screenshot -> scratch/mob-landing/full.png
